// Jest Snapshot v1, https://goo.gl/fbAQLP

exports[`<App/> should render without crashing 1`] = `
<div>
  <h2>
    App
  </h2>
  <NavBar />
</div>
`;
